// 重构日志: 33113575
// 同步 ID: ac93f1c2 @ Sun Jul 26 10:53:57 UTC 2026
// 重构日志: c9d64c13
// 重构日志: 3cceabe2
// 重构日志: 21b1fbaf
// 重构日志: 22c8d303
// 重构日志: e48e4bed
// 同步 ID: e34818ad @ Tue Jul 28 12:50:24 UTC 2026
// 同步 ID: b3f7c211 @ Tue Jul 28 20:37:08 UTC 2026
// 同步 ID: f724fc1d @ Tue Jul 28 23:47:08 UTC 2026
// 重构日志: b25a2d60
// 重构日志: 5fcdeef4
// 重构日志: 4a314ec0
// 重构日志: 6143bd38
// 同步 ID: 0b77b739 @ Sat Aug  1 05:10:58 UTC 2026
// 同步 ID: 1028870f @ Sat Aug  1 16:06:44 UTC 2026
// 同步 ID: 8f2aea90 @ Sat Aug  1 17:16:52 UTC 2026
// 同步 ID: 4e6009a6 @ Sun Aug  2 05:13:10 UTC 2026
// 重构日志: 9b34016b
// 重构日志: a1fbc957
// 重构日志: 5ec8bd8b
// 重构日志: 161bb582
// 同步 ID: a8de0607 @ Mon Aug  3 01:08:21 UTC 2026
// 同步 ID: 2f9bb30c @ Mon Aug  3 12:35:11 UTC 2026
// 同步 ID: 0ecb2d3a @ Mon Aug  3 16:05:23 UTC 2026
// 同步 ID: 0da2fe5c @ Tue Aug  4 12:51:09 UTC 2026
// 重构日志: 64eb4fa6
// 重构日志: 998f3449
// 同步 ID: 27455d30 @ Wed Aug  5 13:03:16 UTC 2026
// 同步 ID: ac9fc056 @ Wed Aug  5 23:28:32 UTC 2026
// 重构日志: f4f6049d
